C51 COMPILER V9.56.0.0   TIMING                                                            08/11/2017 23:44:23 PAGE 1   


C51 COMPILER V9.56.0.0, COMPILATION OF MODULE TIMING
OBJECT MODULE PLACED IN .\Objects\timing.obj
COMPILER INVOKED BY: C:\Keil_v5\C51\BIN\C51.EXE timing.c ROM(SMALL) OPTIMIZE(9,SIZE) BROWSE DEBUG OBJECTEXTEND TABS(2) O
                    -BJECT(.\Objects\timing.obj)

line level    source

   1          //WARNING: Timer is off by approx 3us for 1 us
   2          // 8ms for 1000us
   3          // 8s for 1000ms
   4          
   5          #include "timing.h"
   6          
   7          void ms_delay(unsigned int ms_delay)
   8          {
   9   1        unsigned int i;
  10   1        TMOD = 0x01;  //TMOD becomes mode: 1 (16 bit timer)
  11   1        
  12   1        // Time is 1/(crystal(mhz)/12(prescaler)) = x uS
  13   1        //Time needed is 65536-x = value for TH & TL
  14   1        
  15   1        // = 1ms
  16   1        TH0 = 0XFC;
  17   1        TL0 = 0X18;
  18   1        for(i = 0; i < ms_delay; i++)
  19   1        {
  20   2          TR0 = 1;            //Starts the timer
  21   2          while(TF0 == 0);    //loops till timer overflow bit = 1
  22   2          TR0 = 0;            //Turns off the timer
  23   2          TF0 = 0;            //clear the timer Over flow flag
  24   2        }
  25   1      }
  26          
  27          void us_delay(unsigned int us_delay)
  28          {
  29   1        unsigned int i;
  30   1        TMOD = 0x01;  //TMOD becomes mode: 1 (16 bit timer)
  31   1        
  32   1        TH0 = 0XFF; //1us hopefully
  33   1        TL0 = 0XFE;
  34   1        
  35   1        for(i = 0; i < us_delay; i++)
  36   1        {
  37   2          TR0 = 1;    //Starts the timer
  38   2          while(TR0 == 0);
  39   2          TR0 = 0;    //Turns off timer
  40   2          TF0 = 0;    //Clears overflow tag
  41   2        }
  42   1      }


MODULE INFORMATION:   STATIC OVERLAYABLE
   CODE SIZE        =     62    ----
   CONSTANT SIZE    =   ----    ----
   XDATA SIZE       =   ----    ----
   PDATA SIZE       =   ----    ----
   DATA SIZE        =   ----    ----
   IDATA SIZE       =   ----    ----
   BIT SIZE         =   ----    ----
END OF MODULE INFORMATION.


C51 COMPILATION COMPLETE.  0 WARNING(S),  0 ERROR(S)
