C51 COMPILER V9.56.0.0   LCD                                                               08/08/2017 10:41:44 PAGE 1   


C51 COMPILER V9.56.0.0, COMPILATION OF MODULE LCD
OBJECT MODULE PLACED IN .\Objects\LCD.obj
COMPILER INVOKED BY: C:\Keil_v5\C51\BIN\C51.EXE LCD.c ROM(SMALL) OPTIMIZE(8,SPEED) BROWSE DEBUG OBJECTEXTEND PRINT(.\Lis
                    -tings\LCD.lst) TABS(2) PREPRINT(.\Listings\LCD.i) OBJECT(.\Objects\LCD.obj)

line level    source

   1          #include "LCD.h"
   2          
   3          void backlight_toggle()
   4          {
   5   1        backlight = ~backlight;
   6   1      }
   7          
   8          void delay(unsigned int t)
   9          {
*** WARNING C235 IN LINE 9 OF LCD.c: parameter 1: different types
  10   1        int i, j;
  11   1        for(i = 0; i < t; i++)
  12   1        {
  13   2          for(j = 0; j < 100; j++)
  14   2          {
  15   3          }
  16   2        }
  17   1      }


MODULE INFORMATION:   STATIC OVERLAYABLE
   CODE SIZE        =     35    ----
   CONSTANT SIZE    =   ----    ----
   XDATA SIZE       =   ----    ----
   PDATA SIZE       =   ----    ----
   DATA SIZE        =   ----    ----
   IDATA SIZE       =   ----    ----
   BIT SIZE         =   ----    ----
END OF MODULE INFORMATION.


C51 COMPILATION COMPLETE.  1 WARNING(S),  0 ERROR(S)
